
Memory Configuration

Name             Origin             Length             Attributes
*default*        0x0000000000000000 0xffffffffffffffff

Linker script and memory map

                0x0000000000400000                __image_base__ = 0x400000
                0x0000000000000000                __dll__ = 0x0
                0x0000000000400000                ___ImageBase = 0x400000
                0x0000000000001000                __section_alignment__ = 0x1000
                0x0000000000000200                __file_alignment__ = 0x200
                0x0000000000000004                __major_os_version__ = 0x4
                0x0000000000000000                __minor_os_version__ = 0x0
                0x0000000000000001                __major_image_version__ = 0x1
                0x0000000000000000                __minor_image_version__ = 0x0
                0x0000000000000004                __major_subsystem_version__ = 0x4
                0x0000000000000000                __minor_subsystem_version__ = 0x0
                0x0000000000000003                __subsystem__ = 0x3
                0x0000000000200000                __size_of_stack_reserve__ = 0x200000
                0x0000000000001000                __size_of_stack_commit__ = 0x1000
                0x0000000000100000                __size_of_heap_reserve__ = 0x100000
                0x0000000000001000                __size_of_heap_commit__ = 0x1000
                0x0000000000000000                __loader_flags__ = 0x0
                0x0000000000000000                __dll_characteristics__ = 0x0
                0x0000000000100000                _kernel_phys_start = 0x100000
                0x00000000c0000000                _kernel_virt_start = 0xc0000000

.text           0x0000000000100000     0x1000 load address 0x0000000000000000
 *(.text)
 .text          0x0000000000100000        0x5 build\kernel_entry.o
 *fill*         0x0000000000100005        0x3 
 .text          0x0000000000100008      0x740 build\kernel.o
                0x0000000000100008                io_in_8(unsigned short)
                0x0000000000100025                io_in_16(unsigned short)
                0x0000000000100044                io_in_32(unsigned short)
                0x0000000000100060                io_out_8(unsigned short, unsigned char)
                0x0000000000100081                io_out_16(unsigned short, unsigned short)
                0x00000000001000a2                io_out_32(unsigned short, unsigned int)
                0x00000000001000ba                io_wait()
                0x00000000001000d7                c_str_length(char const*)
                0x0000000000100103                as_string(char const*)
                0x0000000000100126                set_cursor_location(unsigned short)
                0x00000000001001b3                get_cursor_location()
                0x000000000010023b                enable_cursor()
                0x0000000000100316                scroll_screen()
                0x00000000001003a2                clear_screen()
                0x00000000001003d8                print_char(char)
                0x00000000001004cd                print_string(String)
                0x0000000000100501                print_u8(unsigned char)
                0x00000000001005ca                fmt_print(String, ...)
                0x00000000001006f9                kmain
                0x0000000000101000                . = ALIGN (0x1000)
 *fill*         0x0000000000100748      0x8b8 
                0x0000000000101000                _kernel_virt_end = .
                0xffffffff40201000                _kernel_phys_end = (_kernel_phys_start + (_kernel_virt_end - _kernel_virt_start))

.rdata          0x0000000000101000      0x200 load address 0x0000000000001000
 .rdata         0x0000000000101000       0x34 build\kernel.o
 .rdata$zzz     0x0000000000101034       0x14 build\kernel.o

.data           0x0000000000101048        0x0 load address 0x0000000000001048
 *(.data)
 .data          0x0000000000101048        0x0 build\kernel.o
LOAD build\kernel_entry.o
LOAD build\kernel.o
OUTPUT(build\kernel.tmp pei-i386)

.bss            0x0000000000102000        0x0 load address 0x0000000000002000
 .bss           0x0000000000102000        0x0 build\kernel.o

.debug_info     0x0000000000000000      0xc00
 .debug_info    0x0000000000000000      0xa29 build\kernel.o

.debug_abbrev   0x0000000000000000      0x200
 .debug_abbrev  0x0000000000000000      0x1e0 build\kernel.o

.debug_aranges  0x0000000000000000      0x200
 .debug_aranges
                0x0000000000000000       0x20 build\kernel.o

.debug_line     0x0000000000000000      0x400
 .debug_line    0x0000000000000000      0x3f7 build\kernel.o

.debug_str      0x0000000000000000      0x208
 .debug_str     0x0000000000000000       0x35 build\kernel.o

.debug_frame    0x0000000000000000      0x400
 .debug_frame   0x0000000000000000      0x284 build\kernel.o
